repository: /Users/kasperknudas/.treehouse/AlphaForge-047fa4/7/AlphaForge/alphaforge/db/repositories.py
test: /Users/kasperknudas/.treehouse/AlphaForge-047fa4/7/AlphaForge/tests/test_evidence_flow.py
Traceback (most recent call last):
  File "/Users/kasperknudas/.treehouse/AlphaForge-047fa4/7/AlphaForge/.diagnostics/reproduce_feed_check_collision.py", line 22, in <module>
    baseline_test.test_v2_feed_revocation_supersedes_incomplete_observation_without_legacy_document(objects)
    ~~~~~~~~~~~~~~~~~~~~~~~~~~~~~~~~~~~~~~~~~~~~~~~~~~~~~~~~~~~~~~~~~~~~~~~~~~~~~~~~~~~~~~~~~~~~~~~^^^^^^^^^
  File "/Users/kasperknudas/.treehouse/AlphaForge-047fa4/7/AlphaForge/tests/test_evidence_flow.py", line 1031, in test_v2_feed_revocation_supersedes_incomplete_observation_without_legacy_document
    ).run(company_id, as_of="2026-09-20")
      ~~~^^^^^^^^^^^^^^^^^^^^^^^^^^^^^^^^
  File "/Users/kasperknudas/.treehouse/AlphaForge-047fa4/7/AlphaForge/alphaforge/evidence/flow.py", line 1109, in run
    return self._run(
           ~~~~~~~~~^
        company_id,
        ^^^^^^^^^^^
    ...<5 lines>...
        shadow_specialist_requirement=shadow_specialist_requirement,
        ^^^^^^^^^^^^^^^^^^^^^^^^^^^^^^^^^^^^^^^^^^^^^^^^^^^^^^^^^^^^
    )
    ^
  File "/Users/kasperknudas/.treehouse/AlphaForge-047fa4/7/AlphaForge/alphaforge/evidence/flow.py", line 1589, in _run
    record_mfn_feed_check(
    ~~~~~~~~~~~~~~~~~~~~~^
        self.conn,
        ^^^^^^^^^^
    ...<3 lines>...
        len(unseen_feed),
        ^^^^^^^^^^^^^^^^^
    )
    ^
  File "/Users/kasperknudas/.treehouse/AlphaForge-047fa4/7/AlphaForge/alphaforge/db/repositories.py", line 455, in record_mfn_feed_check
    conn.execute(
    ~~~~~~~~~~~~^
        "INSERT INTO mfn_feed_checks (company_id, mfn_slug, discovered_count, unseen_count) VALUES (?, ?, ?, ?)",
        ^^^^^^^^^^^^^^^^^^^^^^^^^^^^^^^^^^^^^^^^^^^^^^^^^^^^^^^^^^^^^^^^^^^^^^^^^^^^^^^^^^^^^^^^^^^^^^^^^^^^^^^^^
        (company_id, mfn_slug, discovered, unseen),
        ^^^^^^^^^^^^^^^^^^^^^^^^^^^^^^^^^^^^^^^^^^^
    )
    ^
sqlite3.IntegrityError: UNIQUE constraint failed: mfn_feed_checks.company_id, mfn_feed_checks.checked_at
